[09Jun2026 14:03:50.996] [main/INFO] [cpw.mods.modlauncher.Launcher/MODLAUNCHER]: ModLauncher running: args [--mod, ott_blocks, --all, --output, C:\Users\was\IdeaProjects\ott\ott_blocks\src\generated\resources, --existing, C:\Users\was\IdeaProjects\ott\ott_blocks\src\main\resources, --launchTarget, forgedatadev, --assetIndex, asset-index, --assetsDir, C:\Users\was\.gradle\caches\minecraft\assets, --gameDir, ., --fml.fmlVersion, 4.0.42, --fml.mcVersion, 1.21.1, --fml.neoForgeVersion, 21.1.233, --fml.neoFormVersion, 20240808.144430]
[09Jun2026 14:03:51.000] [main/INFO] [cpw.mods.modlauncher.Launcher/MODLAUNCHER]: JVM identified as Eclipse Adoptium OpenJDK 64-Bit Server VM 21.0.8+9-LTS
[09Jun2026 14:03:51.001] [main/INFO] [cpw.mods.modlauncher.Launcher/MODLAUNCHER]: ModLauncher 11.0.5+main.901c6ea8 starting: java version 21.0.8 by Eclipse Adoptium; OS Windows 11 arch amd64 version 10.0
[09Jun2026 14:03:51.128] [main/INFO] [net.neoforged.fml.loading.ImmediateWindowHandler/]: ImmediateWindowProvider not loading because launch target is forgedatadev
[09Jun2026 14:03:51.177] [main/INFO] [mixin/]: SpongePowered MIXIN Subsystem Version=0.8.7 Source=union:/C:/Users/was/.gradle/caches/modules-2/files-2.1/net.fabricmc/sponge-mixin/0.15.2+mixin.0.8.7/2af2f021d8e02a0220dc27a7a72b4666d66d44ca/sponge-mixin-0.15.2+mixin.0.8.7.jar%23142!/ Service=ModLauncher Env=CLIENT
[09Jun2026 14:03:51.263] [main/INFO] [net.neoforged.fml.loading.moddiscovery.ModDiscoverer/SCAN]: Found mod file "neoforge-21.1.233.jar" [locator: neoforge devenv provider ([C:\Users\was\IdeaProjects\ott\ott_blocks\.gradle\repositories\ng_dummy_ng\net\neoforged\neoforge\21.1.233\neoforge-21.1.233.jar])]
[09Jun2026 14:03:51.284] [main/INFO] [net.neoforged.fml.loading.moddiscovery.ModDiscoverer/SCAN]: Found mod file "neoforge-21.1.233.jar" [locator: neoforge devenv provider ([C:\Users\was\IdeaProjects\ott\ott_blocks\.gradle\repositories\ng_dummy_ng\net\neoforged\neoforge\21.1.233\neoforge-21.1.233.jar])]
[09Jun2026 14:03:51.298] [main/INFO] [net.neoforged.fml.loading.moddiscovery.ModDiscoverer/SCAN]: Found mod file "main" [locator: userdev mods and services, reader: mod manifest]
[09Jun2026 14:03:51.309] [main/INFO] [net.neoforged.fml.loading.moddiscovery.ModDiscoverer/SCAN]: Found mod file "neoforge-21.1.233.jar" [locator: userdev mods and services, reader: mod manifest]
[09Jun2026 14:03:51.379] [main/INFO] [net.neoforged.fml.loading.moddiscovery.ModDiscoverer/SCAN]: Found gamelibrary file "mixinextras-neoforge-0.5.3.jar" [locator: userdev mods and services, reader: mod manifest]
[09Jun2026 14:03:51.513] [main/WARN] [net.neoforged.jarjar.selection.JarSelector/]: Attempted to select a dependency jar for JarJar which was passed in as source: library:mixinextras.neoforge. Using Mod File: C:\Users\was\.gradle\caches\modules-2\files-2.1\io.github.llamalad7\mixinextras-neoforge\0.5.3\a0919957808de97707c5fb4ce073e66aeef3e187\mixinextras-neoforge-0.5.3.jar
[09Jun2026 14:03:51.513] [main/INFO] [net.neoforged.fml.loading.moddiscovery.locators.JarInJarDependencyLocator/]: Found 1 dependencies adding them to mods collection
[09Jun2026 14:03:51.514] [main/INFO] [net.neoforged.fml.loading.moddiscovery.ModDiscoverer/SCAN]: Found library file "net.neoforged.neoforge-coremods-21.1.233.jar" [parent: neoforge-21.1.233.jar, locator: jarinjar, reader: mod manifest]
[09Jun2026 14:03:51.516] [main/INFO] [net.neoforged.fml.loading.moddiscovery.ModDiscoverer/]: 
     Mod List:
		Name Version (Mod Id)

		Minecraft 1.21.1 (minecraft)
		NeoForge 21.1.233 (neoforge)
		Otter Blocks 1.0.0 (ott_blocks)
[09Jun2026 14:03:51.871] [main/INFO] [cpw.mods.modlauncher.LaunchServiceHandler/MODLAUNCHER]: Launching target 'forgedatadev' with arguments [--gameDir, ., --assetsDir, C:\Users\was\.gradle\caches\minecraft\assets, --mod, ott_blocks, --all, --output, C:\Users\was\IdeaProjects\ott\ott_blocks\src\generated\resources, --existing, C:\Users\was\IdeaProjects\ott\ott_blocks\src\main\resources, --assetIndex, asset-index]
[09Jun2026 14:03:52.368] [main/INFO] [net.neoforged.neoforge.data.loading.DatagenModLoader/]: Initializing Data Gatherer for mods [ott_blocks]
[09Jun2026 14:03:52.380] [main/INFO] [MixinExtras|Service/]: Initializing MixinExtras via com.llamalad7.mixinextras.service.MixinExtrasServiceImpl(version=0.5.3).
[09Jun2026 14:03:56.354] [modloading-worker-0/INFO] [net.neoforged.neoforge.common.NeoForgeMod/NEOFORGE-MOD]: NeoForge mod loading, version 21.1.233, for MC 1.21.1
[09Jun2026 14:03:56.656] [main/WARN] [net.minecraft.server.packs.VanillaPackResourcesBuilder/]: Assets URL 'union:/C:/Users/was/IdeaProjects/ott/ott_blocks/.gradle/repositories/ng_dummy_ng/net/neoforged/neoforge/21.1.233/neoforge-21.1.233.jar%23195!/assets/.mcassetsroot' uses unexpected schema
[09Jun2026 14:03:56.656] [main/WARN] [net.minecraft.server.packs.VanillaPackResourcesBuilder/]: Assets URL 'union:/C:/Users/was/IdeaProjects/ott/ott_blocks/.gradle/repositories/ng_dummy_ng/net/neoforged/neoforge/21.1.233/neoforge-21.1.233.jar%23195!/data/.mcassetsroot' uses unexpected schema
[09Jun2026 14:03:56.836] [main/INFO] [net.minecraft.data.DataGenerator/]: All providers took: 0 ms
[09Jun2026 14:03:56.838] [main/INFO] [net.minecraft.data.HashCache/]: Caching: total files: 0, old count: 0, new count: 1, removed stale: 0, written: 0
